============================= test session starts ==============================
platform linux -- Python 3.12.13, pytest-9.1.1, pluggy-1.6.0 -- /opt/hostedtoolcache/Python/3.12.13/x64/bin/python
cachedir: .pytest_cache
rootdir: /home/runner/work/game-news-aggregator/game-news-aggregator
configfile: pyproject.toml
testpaths: tests
plugins: cov-6.3.0
collecting ... collected 11 items

tests/test_collector_pipeline.py::test_collect_writes_public_payload PASSED [  9%]
tests/test_config.py::test_repository_config_is_valid PASSED             [ 18%]
tests/test_dedupe.py::test_cluster_articles_keeps_best_primary PASSED    [ 27%]
tests/test_normalize.py::test_normalize_url_removes_tracking_and_www PASSED [ 36%]
tests/test_normalize.py::test_normalized_title_is_comparable PASSED      [ 45%]
tests/test_normalize.py::test_stable_id_is_deterministic PASSED          [ 54%]
tests/test_parsers.py::test_parse_feed PASSED                            [ 63%]
tests/test_parsers.py::test_parse_sitemap PASSED                         [ 72%]
tests/test_seed_history.py::test_seed_history_contains_telegram_urls PASSED [ 81%]
tests/test_site.py::test_build_site PASSED                               [ 90%]
tests/test_telegram_import.py::test_import_telegram_extracts_visible_and_hidden_links PASSED [100%]

============================== 11 passed in 0.52s ==============================
exit_code=0
